{
  "tree": [
    {"path":"<HOME>/.gemini","kind":"dir"},
    {"path":"<HOME>/.gemini/00_SOUL.md","kind":"file","mode":"0644","sha256":"3842b43d980843d3dd36e166373c501fb0c94f85e7d1aecbf4d2de8abed5aac4"},
    {"path":"<HOME>/.local","kind":"dir"},
    {"path":"<HOME>/.local/share","kind":"dir"},
    {"path":"<HOME>/.local/share/pipx","kind":"dir"},
    {"path":"<HOME>/.local/share/pipx/venvs","kind":"dir"},
    {"path":"<HOME>/.local/share/pipx/venvs/mempalace","kind":"dir"},
    {"path":"<HOME>/.local/share/pipx/venvs/mempalace/bin","kind":"dir"},
    {"path":"<HOME>/.local/share/pipx/venvs/mempalace/bin/chroma","kind":"file","mode":"0755","sha256":"306c6ca7407560340797866e077e053627ad409277d1b9da58106fce4cf717cb"},
    {"path":"<HOME>/.local/share/pipx/venvs/mempalace/bin/python","kind":"file","mode":"0755","sha256":"03fdc0f525c8854bea2d475ca6ec81e78afba8e5dc304da74f53b8fecb2c038e"}
  ],
  "bakCount": {},
  "fzf": [
    {"header":"Existing context files detected — keep them (skip selection) or refresh from scratch?","options":["keep","refresh"],"answer":"@@CANCEL@@","unscripted":false,"cancelled":true}
  ],
  "curl": []
}
