====================================
  Claude Code Configuration Setup
====================================

Installing shared configuration...
  Copied: ORGANIZATION.md -> rules/20-organization.md
  Copied: artifacts/core/rules/60-tools.md -> rules/60-tools.md
  Copied: TOOLS.md -> rules/65-org-tools.md
  Copied dir: artifacts/core/system-context -> ~/.crewrig/system-context
  Copied: SOUL.md -> rules/00-soul.md

User-gate validation backend (spec 0080):
  Validation backend recorded: backend=internal translate=off pedagogy=contextual illustration=off
    -> <HOME>/.crewrig/validation.conf


Production dependencies: running 'npm ci --omit=dev --workspaces=false'...
