====================================
  Gemini CLI Configuration Setup
====================================

Installing shared configuration...
  Copied: ORGANIZATION.md -> 20_ORGANIZATION.md
  Copied: artifacts/core/rules/60-tools.md -> 60_TOOLS.md
  Copied: TOOLS.md -> 65_TOOLS.md
  Copied dir: artifacts/core/system-context -> ~/.crewrig/system-context
  Copied: SOUL.md -> 00_SOUL.md

User-gate validation backend (spec 0080):
  Validation backend recorded: backend=internal translate=off pedagogy=contextual illustration=off
    -> <HOME>/.crewrig/validation.conf


Production dependencies: running 'npm ci --omit=dev --workspaces=false'...

Configuring ~/.gemini/settings.json...
  Detected MemPalace interpreter: <HOME>/.local/share/pipx/venvs/mempalace/bin/python (mempalace 3.6.0)

Installing shared ChromaDB HTTP daemon supervisor (issue #98)...
  ERROR: chroma binary not found at <HOME>/.local/share/pipx/venvs/mempalace/bin/chroma — run: pipx inject mempalace 'chromadb>=1.5.9'
