{
  "tree": [
    {"path":"<HOME>/.claude","kind":"dir"},
    {"path":"<HOME>/.claude/rules","kind":"dir"},
    {"path":"<HOME>/.claude/rules/00-soul.md","kind":"file","mode":"0644","sha256":"a074a7093ec74f0a2ffd6a5711563a675432f31dc435718bd0bd71cb91b0c3eb"},
    {"path":"<HOME>/.claude/rules/20-organization.md","kind":"file","mode":"0644","sha256":"931ce8e94cc8d3878341daeaf47bebfa581dd303f72254f0693b76e1c38c3bd9"},
    {"path":"<HOME>/.claude/rules/60-tools.md","kind":"file","mode":"0644","sha256":"bf2a415b8857cf9fd47a8d0adb3948f4e4037140b397b36a1e1d08d9402b12d1"},
    {"path":"<HOME>/.claude/rules/65-org-tools.md","kind":"file","mode":"0644","sha256":"771cf5981c16e497ce69e404509fbd1e819c88c2d1ce9862cc767065c53e840d"},
    {"path":"<HOME>/.crewrig","kind":"dir"},
    {"path":"<HOME>/.crewrig/system-context","kind":"dir"},
    {"path":"<HOME>/.crewrig/system-context/friction-reporting-reference.md","kind":"file","mode":"0644","sha256":"df422454230b817cb519fb20193977054f296eaff385a7f13c1ba7ca5c2f58c8"},
    {"path":"<HOME>/.crewrig/system-context/long-running-task-convention.md","kind":"file","mode":"0644","sha256":"1cb80314e5feca81c0669a564f44d14ca2e31779ea820b78f63213a78d505012"},
    {"path":"<HOME>/.crewrig/system-context/mcp-tools-reference.md","kind":"file","mode":"0644","sha256":"4add929104d19789945b2c0f8de266de3cd190d9c667f845dfca4e03699514b8"},
    {"path":"<HOME>/.crewrig/system-context/obsidian-protocol.md","kind":"file","mode":"0644","sha256":"b6a3a48c5373337d9d030245fca1f2b355107c1fefea8fed155dfc6b4c07bdf0"},
    {"path":"<HOME>/.crewrig/system-context/palace-structure-conventions.md","kind":"file","mode":"0644","sha256":"4b655bed6c8a54e2406a9a4f61ea3035fda431d1685000b7ce143bf34fec2409"},
    {"path":"<HOME>/.crewrig/validation.conf","kind":"file","mode":"0644","sha256":"985ae7a9749795d5fb1b6acc1a957ea419723879fed3a88254b504e8581e6f2e"},
    {"path":"<HOME>/.local","kind":"dir"},
    {"path":"<HOME>/.local/share","kind":"dir"},
    {"path":"<HOME>/.local/share/pipx","kind":"dir"},
    {"path":"<HOME>/.local/share/pipx/venvs","kind":"dir"},
    {"path":"<HOME>/.local/share/pipx/venvs/mempalace","kind":"dir"},
    {"path":"<HOME>/.local/share/pipx/venvs/mempalace/bin","kind":"dir"},
    {"path":"<HOME>/.local/share/pipx/venvs/mempalace/bin/chroma","kind":"file","mode":"0755","sha256":"306c6ca7407560340797866e077e053627ad409277d1b9da58106fce4cf717cb"},
    {"path":"<HOME>/.local/share/pipx/venvs/mempalace/bin/python","kind":"file","mode":"0755","sha256":"03fdc0f525c8854bea2d475ca6ec81e78afba8e5dc304da74f53b8fecb2c038e"},
    {"path":"<REPO>/.crewrig-state","kind":"dir"},
    {"path":"<REPO>/.crewrig-state/production-deps.sha256","kind":"file","mode":"0600","sha256":"7aea46ee62e646dfe4772c2836ead8d4b63dbd3b55f6fe5cbb1e8879ef0ff72b"}
  ],
  "bakCount": {},
  "fzf": [
    {"header":"Validation backend? (internal = built-in AskUserQuestion prompt; plannotator = rich browser review, opt-in)","options":["internal","plannotator"],"answer":"internal","unscripted":false,"cancelled":false},
    {"header":"Translate the spec/plan into your preferred language for the gate presentation only? (the repo artifact stays English)","options":["off","on"],"answer":"off","unscripted":false,"cancelled":false},
    {"header":"Pedagogy level for validation requests? (simple / contextual / professor)","options":["contextual","simple","professor"],"answer":"contextual","unscripted":false,"cancelled":false},
    {"header":"Generate illustrations for reviews? (honoured only with the plannotator backend + a browser surface)","options":["off","on"],"answer":"off","unscripted":false,"cancelled":false},
    {"header":"Install Sequential Thinking MCP server?","options":["yes","no"],"answer":"yes","unscripted":false,"cancelled":false}
  ],
  "curl": []
}
