====================================
  GitHub Copilot CLI Setup
====================================

Cannot proceed — required identity files are missing:
  - config/SOUL.md is missing — run: copilot -i "/init-soul"
  - config/PROFILE.md is missing — run: copilot -i "/init-personal-profile"

Generate them BEFORE re-running this script.
