====================================
  GitHub Copilot CLI Setup
====================================

  Installed: <REPO>/.github/copilot/settings.json (from template)

  WARN: <REPO>/.github/copilot-instructions.md is missing — Copilot will not load AGENTS.md without it.

Existing instruction files found in <HOME>/.copilot/instructions:
   - 99-custom.instructions.md

