====================================
  Antigravity CLI Configuration Setup
====================================

Installing shared configuration...
  Copied: ORGANIZATION.md -> 20_ORGANIZATION.md
  Copied: artifacts/core/rules/60-tools.md -> 60_TOOLS.md
  Copied: TOOLS.md -> 65_TOOLS.md
  Copied dir: artifacts/core/system-context -> ~/.crewrig/system-context
  Copied: SOUL.md -> 00_SOUL.md

User-gate validation backend (spec 0080):
  Validation backend recorded: backend=internal translate=off pedagogy=contextual illustration=off
    -> <HOME>/.crewrig/validation.conf

Configuring <HOME>/.gemini/config/mcp_config.json...

Production dependencies: running 'npm ci --omit=dev --workspaces=false'...
