{
  "tree": [
    {"path":"<HOME>/.gemini","kind":"dir"},
    {"path":"<HOME>/.gemini/antigravity-cli","kind":"dir"},
    {"path":"<HOME>/.gemini/antigravity-cli/99_CUSTOM.md","kind":"file","mode":"0644","sha256":"49cf24c707d61fd324680bc9e7c5b08ab77c7dc9b9d229397b7844085379095f"},
    {"path":"<HOME>/.local","kind":"dir"},
    {"path":"<HOME>/.local/share","kind":"dir"},
    {"path":"<HOME>/.local/share/pipx","kind":"dir"},
    {"path":"<HOME>/.local/share/pipx/venvs","kind":"dir"},
    {"path":"<HOME>/.local/share/pipx/venvs/mempalace","kind":"dir"},
    {"path":"<HOME>/.local/share/pipx/venvs/mempalace/bin","kind":"dir"},
    {"path":"<HOME>/.local/share/pipx/venvs/mempalace/bin/chroma","kind":"file","mode":"0755","sha256":"306c6ca7407560340797866e077e053627ad409277d1b9da58106fce4cf717cb"},
    {"path":"<HOME>/.local/share/pipx/venvs/mempalace/bin/python","kind":"file","mode":"0755","sha256":"03fdc0f525c8854bea2d475ca6ec81e78afba8e5dc304da74f53b8fecb2c038e"}
  ],
  "bakCount": {},
  "fzf": [
    {"header":"Existing context files detected — keep them (skip selection) or refresh from scratch?","options":["keep","refresh"],"answer":"@@CANCEL@@","unscripted":false,"cancelled":true}
  ],
  "curl": []
}
