====================================
  Gemini CLI Configuration Setup
====================================

Cannot proceed — required identity files are missing:
  - config/SOUL.md is missing — run: gemini /init-soul
  - config/PROFILE.md is missing — run: gemini /init-personal-profile

Generate them BEFORE re-running this script.
