{
  "tree": [
    {"path":"<HOME>/.config","kind":"dir"},
    {"path":"<HOME>/.config/systemd","kind":"dir"},
    {"path":"<HOME>/.config/systemd/user","kind":"dir"},
    {"path":"<HOME>/.config/systemd/user/mempalace-chroma-server.service","kind":"file","mode":"0644","sha256":"73a0c17796a4c33ae8209a6fb6774b098ae175329efcc220cc0f7bcd436cbd5f"},
    {"path":"<HOME>/.crewrig","kind":"dir"},
    {"path":"<HOME>/.crewrig/hooks","kind":"dir"},
    {"path":"<HOME>/.crewrig/hooks/session-check","kind":"dir"},
    {"path":"<HOME>/.crewrig/hooks/session-check/lib","kind":"dir"},
    {"path":"<HOME>/.crewrig/hooks/session-check/lib/mempalace-registration.ts","kind":"file","mode":"0600","sha256":"repo:scripts/lib/mempalace-registration.ts"},
    {"path":"<HOME>/.crewrig/hooks/session-check/lib/session-check-throttle.ts","kind":"file","mode":"0600","sha256":"repo:scripts/lib/session-check-throttle.ts"},
    {"path":"<HOME>/.crewrig/hooks/session-check/mempalace-session-check.ts","kind":"file","mode":"0600","sha256":"repo:scripts/mempalace-session-check.ts"},
    {"path":"<HOME>/.crewrig/hooks/session-check/package.json","kind":"file","mode":"0600","sha256":"1239d4d885dcad42201a27ed9324f8f0f760b78700d8db9ced39a511cffe7eae"},
    {"path":"<HOME>/.crewrig/system-context","kind":"dir"},
    {"path":"<HOME>/.crewrig/system-context/friction-reporting-reference.md","kind":"file","mode":"0644","sha256":"repo:artifacts/core/system-context/friction-reporting-reference.md"},
    {"path":"<HOME>/.crewrig/system-context/long-running-task-convention.md","kind":"file","mode":"0644","sha256":"repo:artifacts/core/system-context/long-running-task-convention.md"},
    {"path":"<HOME>/.crewrig/system-context/mcp-tools-reference.md","kind":"file","mode":"0644","sha256":"repo:artifacts/core/system-context/mcp-tools-reference.md"},
    {"path":"<HOME>/.crewrig/system-context/obsidian-protocol.md","kind":"file","mode":"0644","sha256":"repo:artifacts/core/system-context/obsidian-protocol.md"},
    {"path":"<HOME>/.crewrig/system-context/palace-structure-conventions.md","kind":"file","mode":"0644","sha256":"repo:artifacts/core/system-context/palace-structure-conventions.md"},
    {"path":"<HOME>/.crewrig/tls-exec.sh","kind":"file","mode":"0755","sha256":"repo:scripts/lib/tls-exec.sh"},
    {"path":"<HOME>/.crewrig/validation.conf","kind":"file","mode":"0644","sha256":"985ae7a9749795d5fb1b6acc1a957ea419723879fed3a88254b504e8581e6f2e"},
    {"path":"<HOME>/.gemini","kind":"dir"},
    {"path":"<HOME>/.gemini/.selected_expertise","kind":"file","mode":"0644","sha256":"8dc7799b68288a95309dde68c961c8ee63ce1ff656123d1b592e24154aaac518"},
    {"path":"<HOME>/.gemini/.selected_level","kind":"file","mode":"0644","sha256":"81a52eae3ddff185935efdaf75ffd24918c77624383d93e4751ef84586b21a4f"},
    {"path":"<HOME>/.gemini/.selected_team","kind":"file","mode":"0644","sha256":"b1c18110bc9445eaea4f25fd4bd0e1e0793384976901a6dda1e6abc3c6c11437"},
    {"path":"<HOME>/.gemini/00_SOUL.md","kind":"file","mode":"0644","sha256":"repo:config/SOUL.md"},
    {"path":"<HOME>/.gemini/10_USER_LEVEL.md","kind":"file","mode":"0644","sha256":"repo:config/level/CONFIRMED.md"},
    {"path":"<HOME>/.gemini/20_ORGANIZATION.md","kind":"file","mode":"0644","sha256":"repo:config/ORGANIZATION.md"},
    {"path":"<HOME>/.gemini/30_USER_PROFILE.md","kind":"file","mode":"0644","sha256":"repo:config/PROFILE.md"},
    {"path":"<HOME>/.gemini/40_USER_EXPERTISE.md","kind":"file","mode":"0644","sha256":"repo:config/expertise/BACKEND-JAVA.md"},
    {"path":"<HOME>/.gemini/50_USER_TEAM.md","kind":"file","mode":"0644","sha256":"repo:config/teams/ATLAS.md"},
    {"path":"<HOME>/.gemini/60_TOOLS.md","kind":"file","mode":"0644","sha256":"repo:artifacts/core/rules/60-tools.md"},
    {"path":"<HOME>/.gemini/65_TOOLS.md","kind":"file","mode":"0644","sha256":"repo:config/TOOLS.md"},
    {"path":"<HOME>/.gemini/settings.json","kind":"file","mode":"0600","sha256":"e3777a50f32510f6f9b393eb85beafee80cf631d270df2253ce348c55f5f023c"},
    {"path":"<HOME>/.gemini/settings.json.bak.<STAMP>","kind":"file","mode":"0600","sha256":"2011e093f89ecdae7828892900198048ffda0136aa857cd3914cc6a956a70a1c"},
    {"path":"<HOME>/.gemini/settings.json.bak.<STAMP>","kind":"file","mode":"0600","sha256":"539da038e9f14c49dcb667c8018960a683e1cc96a8007bd4602dd5da54033848"},
    {"path":"<HOME>/.gemini/settings.json.bak.<STAMP>","kind":"file","mode":"0600","sha256":"99d8674b019599f362dfea155d80beef0c52a3cf4d1ad3b8861e6309e10bc18f"},
    {"path":"<HOME>/.local","kind":"dir"},
    {"path":"<HOME>/.local/share","kind":"dir"},
    {"path":"<HOME>/.local/share/pipx","kind":"dir"},
    {"path":"<HOME>/.local/share/pipx/venvs","kind":"dir"},
    {"path":"<HOME>/.local/share/pipx/venvs/mempalace","kind":"dir"},
    {"path":"<HOME>/.local/share/pipx/venvs/mempalace/bin","kind":"dir"},
    {"path":"<HOME>/.local/share/pipx/venvs/mempalace/bin/chroma","kind":"file","mode":"0755","sha256":"306c6ca7407560340797866e077e053627ad409277d1b9da58106fce4cf717cb"},
    {"path":"<HOME>/.local/share/pipx/venvs/mempalace/bin/python","kind":"file","mode":"0755","sha256":"03fdc0f525c8854bea2d475ca6ec81e78afba8e5dc304da74f53b8fecb2c038e"},
    {"path":"<HOME>/.mempalace","kind":"dir"},
    {"path":"<HOME>/.mempalace/palace","kind":"dir"},
    {"path":"<HOME>/.mempalace/server","kind":"dir"},
    {"path":"<HOME>/.mempalace/server/<SERVER>","kind":"dir"},
    {"path":"<HOME>/.mempalace/server/<SERVER>/token","kind":"file","mode":"0600","sha256":"23d1bdea3b00cd0af7b832c68adb69efa7eea386f510fa25437cdae5d6b80be3"},
    {"path":"<REPO>/.crewrig-state","kind":"dir"},
    {"path":"<REPO>/.crewrig-state/production-deps.sha256","kind":"file","mode":"0600","sha256":"7aea46ee62e646dfe4772c2836ead8d4b63dbd3b55f6fe5cbb1e8879ef0ff72b"}
  ],
  "bakCount": {"<HOME>/.gemini/settings.json":3},
  "fzf": [
    {"header":"Validation backend? (internal = built-in AskUserQuestion prompt; plannotator = rich browser review, opt-in)","options":["internal","plannotator"],"answer":"internal","unscripted":false,"cancelled":false},
    {"header":"Translate the spec/plan into your preferred language for the gate presentation only? (the repo artifact stays English)","options":["off","on"],"answer":"off","unscripted":false,"cancelled":false},
    {"header":"Pedagogy level for validation requests? (simple / contextual / professor)","options":["contextual","simple","professor"],"answer":"contextual","unscripted":false,"cancelled":false},
    {"header":"Generate illustrations for reviews? (honoured only with the plannotator backend + a browser surface)","options":["off","on"],"answer":"off","unscripted":false,"cancelled":false},
    {"header":"head -20 <REPO>/config/teams/{}.md","options":["ATLAS","FORGE","HORIZON","NOVA","SENTINEL"],"answer":"ATLAS","unscripted":false,"cancelled":false},
    {"header":"head -20 <REPO>/config/expertise/{}.md","options":["BACKEND-JAVA","DEVOPS-CLOUD","FRONTEND-REACT","FULLSTACK-PYTHON","PRODUCT-MANAGER","PRODUCT-OWNER","QA-AUTOMATION","SECURITY-ENGINEER","SITE-RELIABILITY-ENGINEER","SOFTWARE-ARCHITECT"],"answer":"BACKEND-JAVA","unscripted":false,"cancelled":false},
    {"header":"head -20 <REPO>/config/level/{}.md","options":["CONFIRMED","EXPERT","INTERN","JUNIOR"],"answer":"CONFIRMED","unscripted":false,"cancelled":false},
    {"header":"Enable automatic session recording to MemPalace? (opt-in)","options":["no","yes"],"answer":"no","unscripted":false,"cancelled":false},
    {"header":"Usage capture is registered for Gemini CLI. Keep it or remove it?","options":["keep","remove"],"answer":"keep","unscripted":false,"cancelled":false}
  ],
  "curl": [
    {"url":"http://127.0.0.1:41893/mcp","bearer":"<TOKEN>"}
  ]
}
